[36mvite v7.2.4 [32mbuilding client environment for production...[36m[39m
transforming...
Error: Cannot apply unknown utility class `bg-slate-50`. Are you using CSS modules or similar and missing `@reference`? https://tailwindcss.com/docs/functions-and-directives#reference-directive
    at onInvalidCandidate (C:\Users\Pato\Documents\GitHub\qr-generator\node_modules\tailwindcss\dist\lib.js:21:1314)
    at Te (C:\Users\Pato\Documents\GitHub\qr-generator\node_modules\tailwindcss\dist\lib.js:16:36364)
    at C:\Users\Pato\Documents\GitHub\qr-generator\node_modules\tailwindcss\dist\lib.js:21:355
    at Tr (C:\Users\Pato\Documents\GitHub\qr-generator\node_modules\tailwindcss\dist\lib.js:3:1718)
    at _ (C:\Users\Pato\Documents\GitHub\qr-generator\node_modules\tailwindcss\dist\lib.js:3:1377)
    at Se (C:\Users\Pato\Documents\GitHub\qr-generator\node_modules\tailwindcss\dist\lib.js:21:172)
    at ln (C:\Users\Pato\Documents\GitHub\qr-generator\node_modules\tailwindcss\dist\lib.js:38:294)
    at async sn (C:\Users\Pato\Documents\GitHub\qr-generator\node_modules\tailwindcss\dist\lib.js:38:631)
    at async Qr (C:\Users\Pato\Documents\GitHub\qr-generator\node_modules\@tailwindcss\node\dist\index.js:10:3385)
    at async I (C:\Users\Pato\Documents\GitHub\qr-generator\node_modules\@tailwindcss\postcss\dist\index.js:10:3978)
[32mÔ£ô[39m 5 modules transformed.
Ô£ù Build failed in 505ms
error during build:
[vite:css] [postcss] tailwindcss: C:/Users/Pato/Documents/GitHub/qr-generator/src/assets/main.css:1:1: Cannot apply unknown utility class `bg-slate-50`. Are you using CSS modules or similar and missing `@reference`? https://tailwindcss.com/docs/functions-and-directives#reference-directive
file: C:/Users/Pato/Documents/GitHub/qr-generator/src/assets/main.css:1:0
    at Input.error (C:\Users\Pato\Documents\GitHub\qr-generator\node_modules\postcss\lib\input.js:135:16)
    at Root.error (C:\Users\Pato\Documents\GitHub\qr-generator\node_modules\postcss\lib\node.js:146:32)
    at Object.Once (C:\Users\Pato\Documents\GitHub\qr-generator\node_modules\@tailwindcss\postcss\dist\index.js:10:6912)
    at async LazyResult.runAsync (C:\Users\Pato\Documents\GitHub\qr-generator\node_modules\postcss\lib\lazy-result.js:293:11)
    at async runPostCSS (file:///C:/Users/Pato/Documents/GitHub/qr-generator/node_modules/vite/dist/node/chunks/config.js:30793:19)
    at async compilePostCSS (file:///C:/Users/Pato/Documents/GitHub/qr-generator/node_modules/vite/dist/node/chunks/config.js:30777:6)
    at async compileCSS (file:///C:/Users/Pato/Documents/GitHub/qr-generator/node_modules/vite/dist/node/chunks/config.js:30707:26)
    at async Object.handler (file:///C:/Users/Pato/Documents/GitHub/qr-generator/node_modules/vite/dist/node/chunks/config.js:30240:54)
    at async transform (file:///C:/Users/Pato/Documents/GitHub/qr-generator/node_modules/rollup/dist/es/shared/node-entry.js:21163:16)
    at async ModuleLoader.addModuleSource (file:///C:/Users/Pato/Documents/GitHub/qr-generator/node_modules/rollup/dist/es/shared/node-entry.js:21377:36)
